<html>
<body>
<pre>
<h1>µVision Build Log</h1>
<h2>Tool Versions:</h2>
IDE-Version: µVision V5.32.0.0
Copyright (C) 2020 ARM Ltd and ARM Germany GmbH. All rights reserved.
License Information: mohd zahid faiz, None, LIC=----
 
Tool Versions:
Toolchain:       MDK-Lite  Version: 5.32.0.0
Toolchain Path:  C:\Keil_v5\ARM\ARMCC\Bin
C Compiler:      Armcc.exe V5.06 update 7 (build 960)
Assembler:       Armasm.exe V5.06 update 7 (build 960)
Linker/Locator:  ArmLink.exe V5.06 update 7 (build 960)
Library Manager: ArmAr.exe V5.06 update 7 (build 960)
Hex Converter:   FromElf.exe V5.06 update 7 (build 960)
CPU DLL:         SARMCM3.DLL V5.32.0.0
Dialog DLL:      DCM.DLL V1.17.3.0
Target DLL:      STLink\ST-LINKIII-KEIL_SWO.dll V3.0.8.0
Dialog DLL:      TCM.DLL V1.46.0.0
 
<h2>Project:</h2>
I:\ARM\ITM_TEST\first.uvprojx
Project File Date:  11/08/2020

<h2>Output:</h2>
*** Using Compiler 'V5.06 update 7 (build 960)', folder: 'C:\Keil_v5\ARM\ARMCC\Bin'
Build target 'Target 1'
compiling printMsg.c...
printMsg.c(7): warning:  #223-D: function "sprintf" declared implicitly
  	 sprintf(Msg, "%f", a);
printMsg.c(18): warning:  #223-D: function "sprintf" declared implicitly
  	 sprintf(Msg, "%x", a);
printMsg.c(29): warning:  #223-D: function "sprintf" declared implicitly
  	 sprintf(Msg, "%x", a);
printMsg.c(50): warning:  #223-D: function "sprintf" declared implicitly
  	sprintf(Msg,"\nPrinting First parameter a:  ");
printMsg.c: 4 warnings, 0 errors
linking...
Program Size: Code=4372 RO-data=568 RW-data=0 ZI-data=1560  
".\Objects\first.axf" - 0 Error(s), 4 Warning(s).

<h2>Software Packages used:</h2>

Package Vendor: ARM
                http://www.keil.com/pack/ARM.CMSIS.5.7.0.pack
                ARM.CMSIS.5.7.0
                CMSIS (Cortex Microcontroller Software Interface Standard)
   * Component: CORE Version: 5.4.0

Package Vendor: Keil
                http://www.keil.com/pack/Keil.STM32F4xx_DFP.2.15.0.pack
                Keil.STM32F4xx_DFP.2.15.0
                STMicroelectronics STM32F4 Series Device Support, Drivers and Examples
   * Component: Startup Version: 2.6.3

<h2>Collection of Component include folders:</h2>
  .\RTE\_Target_1
  C:\Users\zahid faiz\AppData\Local\Arm\Packs\ARM\CMSIS\5.7.0\CMSIS\Core\Include
  C:\Users\zahid faiz\AppData\Local\Arm\Packs\Keil\STM32F4xx_DFP\2.15.0\Drivers\CMSIS\Device\ST\STM32F4xx\Include

<h2>Collection of Component Files used:</h2>

   * Component: ARM::CMSIS:CORE:5.4.0

   * Component: Keil::Device:Startup:2.6.3
      Include file:  Drivers\CMSIS\Device\ST\STM32F4xx\Include\stm32f4xx.h
      Source file:   MDK\Device\Source\ARM\STM32F40xxx_41xxx_OPT.s
      Source file:   MDK\Device\Source\ARM\STM32F4xx_OTP.s
      Source file:   Drivers\CMSIS\Device\ST\STM32F4xx\Source\Templates\arm\startup_stm32f407xx.s
      Source file:   Drivers\CMSIS\Device\ST\STM32F4xx\Source\Templates\system_stm32f4xx.c
Build Time Elapsed:  00:00:01
</pre>
</body>
</html>
