Component: ARM Compiler 5.06 update 7 (build 960) Tool: armlink [4d3601]

==============================================================================

Section Cross References

    first.o(factorial) refers to printmsg.o(i.printMsg) for printMsg
    printmsg.o(i.printMsg) refers to _printf_percent.o(.ARM.Collect$$_printf_percent$$00000000) for _printf_percent
    printmsg.o(i.printMsg) refers to _printf_f.o(.ARM.Collect$$_printf_percent$$00000003) for _printf_f
    printmsg.o(i.printMsg) refers to printf1.o(x$fpl$printf1) for _printf_fp_dec
    printmsg.o(i.printMsg) refers to noretval__2sprintf.o(.text) for __2sprintf
    printmsg.o(i.printMsg) refers to printmsg.o(i.ITM_SendChar) for ITM_SendChar
    printmsg.o(i.printMsg2p) refers to _printf_percent.o(.ARM.Collect$$_printf_percent$$00000000) for _printf_percent
    printmsg.o(i.printMsg2p) refers to _printf_x.o(.ARM.Collect$$_printf_percent$$0000000C) for _printf_x
    printmsg.o(i.printMsg2p) refers to _printf_hex_int.o(.text) for _printf_longlong_hex
    printmsg.o(i.printMsg2p) refers to noretval__2sprintf.o(.text) for __2sprintf
    printmsg.o(i.printMsg2p) refers to printmsg.o(i.ITM_SendChar) for ITM_SendChar
    printmsg.o(i.printMsg4p) refers to _printf_percent.o(.ARM.Collect$$_printf_percent$$00000000) for _printf_percent
    printmsg.o(i.printMsg4p) refers to _printf_x.o(.ARM.Collect$$_printf_percent$$0000000C) for _printf_x
    printmsg.o(i.printMsg4p) refers to _printf_hex_int.o(.text) for _printf_longlong_hex
    printmsg.o(i.printMsg4p) refers to noretval__2sprintf.o(.text) for __2sprintf
    printmsg.o(i.printMsg4p) refers to printmsg.o(i.ITM_SendChar) for ITM_SendChar
    printmsg.o(i.printMsg4p) refers to printmsg.o(.conststring) for .conststring
    printmsg.o(i.printfMsg) refers to _printf_percent.o(.ARM.Collect$$_printf_percent$$00000000) for _printf_percent
    printmsg.o(i.printfMsg) refers to _printf_x.o(.ARM.Collect$$_printf_percent$$0000000C) for _printf_x
    printmsg.o(i.printfMsg) refers to _printf_hex_int.o(.text) for _printf_longlong_hex
    printmsg.o(i.printfMsg) refers to noretval__2sprintf.o(.text) for __2sprintf
    printmsg.o(i.printfMsg) refers to printmsg.o(i.ITM_SendChar) for ITM_SendChar
    startup_stm32f407xx.o(STACK) refers (Special) to heapauxi.o(.text) for __use_two_region_memory
    startup_stm32f407xx.o(HEAP) refers (Special) to heapauxi.o(.text) for __use_two_region_memory
    startup_stm32f407xx.o(RESET) refers (Special) to heapauxi.o(.text) for __use_two_region_memory
    startup_stm32f407xx.o(RESET) refers to startup_stm32f407xx.o(STACK) for __initial_sp
    startup_stm32f407xx.o(RESET) refers to startup_stm32f407xx.o(.text) for Reset_Handler
    startup_stm32f407xx.o(.text) refers (Special) to heapauxi.o(.text) for __use_two_region_memory
    startup_stm32f407xx.o(.text) refers to system_stm32f4xx.o(i.SystemInit) for SystemInit
    startup_stm32f407xx.o(.text) refers to first.o(factorial) for __main
    startup_stm32f407xx.o(.text) refers to startup_stm32f407xx.o(HEAP) for Heap_Mem
    startup_stm32f407xx.o(.text) refers to startup_stm32f407xx.o(STACK) for Stack_Mem
    system_stm32f4xx.o(i.SystemCoreClockUpdate) refers to system_stm32f4xx.o(.data) for SystemCoreClock
    system_stm32f4xx.o(i.SystemCoreClockUpdate) refers to system_stm32f4xx.o(.constdata) for AHBPrescTable
    __2sprintf.o(.text) refers to _printf_char_common.o(.text) for _printf_char_common
    __2sprintf.o(.text) refers to _sputc.o(.text) for _sputc
    noretval__2sprintf.o(.text) refers to _printf_char_common.o(.text) for _printf_char_common
    noretval__2sprintf.o(.text) refers to _sputc.o(.text) for _sputc
    __printf.o(.text) refers to _printf_percent.o(.ARM.Collect$$_printf_percent$$00000000) for _printf_percent
    _printf_hex_ll.o(.text) refers to _printf_intcommon.o(.text) for _printf_int_common
    _printf_hex_ll.o(.text) refers to _printf_hex_ll.o(.constdata) for .constdata
    _printf_hex_int.o(.text) refers to _printf_intcommon.o(.text) for _printf_int_common
    _printf_hex_int.o(.text) refers to _printf_hex_int.o(.constdata) for .constdata
    _printf_hex_int_ll.o(.text) refers to _printf_intcommon.o(.text) for _printf_int_common
    _printf_hex_int_ll.o(.text) refers to _printf_hex_int_ll.o(.constdata) for .constdata
    _printf_hex_ptr.o(.text) refers to _printf_intcommon.o(.text) for _printf_int_common
    _printf_hex_ptr.o(.text) refers to _printf_hex_ptr.o(.constdata) for .constdata
    _printf_hex_int_ptr.o(.text) refers to _printf_intcommon.o(.text) for _printf_int_common
    _printf_hex_int_ptr.o(.text) refers to _printf_hex_int_ptr.o(.constdata) for .constdata
    _printf_hex_ll_ptr.o(.text) refers to _printf_intcommon.o(.text) for _printf_int_common
    _printf_hex_ll_ptr.o(.text) refers to _printf_hex_ll_ptr.o(.constdata) for .constdata
    _printf_hex_int_ll_ptr.o(.text) refers to _printf_intcommon.o(.text) for _printf_int_common
    _printf_hex_int_ll_ptr.o(.text) refers to _printf_hex_int_ll_ptr.o(.constdata) for .constdata
    __printf_flags.o(.text) refers to _printf_percent.o(.ARM.Collect$$_printf_percent$$00000000) for _printf_percent
    __printf_flags.o(.text) refers to __printf_flags.o(.constdata) for .constdata
    __printf_ss.o(.text) refers to _printf_percent.o(.ARM.Collect$$_printf_percent$$00000000) for _printf_percent
    __printf_flags_ss.o(.text) refers to _printf_percent.o(.ARM.Collect$$_printf_percent$$00000000) for _printf_percent
    __printf_flags_ss.o(.text) refers to __printf_flags_ss.o(.constdata) for .constdata
    __printf_wp.o(.text) refers to __printf_wp.o(i._is_digit) for _is_digit
    __printf_wp.o(.text) refers to _printf_percent.o(.ARM.Collect$$_printf_percent$$00000000) for _printf_percent
    __printf_flags_wp.o(.text) refers to __printf_wp.o(i._is_digit) for _is_digit
    __printf_flags_wp.o(.text) refers to _printf_percent.o(.ARM.Collect$$_printf_percent$$00000000) for _printf_percent
    __printf_flags_wp.o(.text) refers to __printf_flags_wp.o(.constdata) for .constdata
    __printf_ss_wp.o(.text) refers to __printf_wp.o(i._is_digit) for _is_digit
    __printf_ss_wp.o(.text) refers to _printf_percent.o(.ARM.Collect$$_printf_percent$$00000000) for _printf_percent
    __printf_flags_ss_wp.o(.text) refers to __printf_wp.o(i._is_digit) for _is_digit
    __printf_flags_ss_wp.o(.text) refers to _printf_percent.o(.ARM.Collect$$_printf_percent$$00000000) for _printf_percent
    __printf_flags_ss_wp.o(.text) refers to __printf_flags_ss_wp.o(.constdata) for .constdata
    _printf_x.o(.ARM.Collect$$_printf_percent$$0000000C) refers (Weak) to _printf_hex_int.o(.text) for _printf_int_hex
    _printf_f.o(.ARM.Collect$$_printf_percent$$00000003) refers (Weak) to printf1.o(x$fpl$printf1) for _printf_fp_dec
    _printf_percent.o(.ARM.Collect$$_printf_percent$$00000000) refers (Special) to _printf_percent_end.o(.ARM.Collect$$_printf_percent$$00000017) for _printf_percent_end
    printf1.o(x$fpl$printf1) refers to _printf_fp_dec.o(.text) for _printf_fp_dec_real
    _printf_fp_dec.o(.text) refers (Special) to usenofp.o(x$fpl$usenofp) for __I$use$fp
    _printf_fp_dec.o(.text) refers (Special) to lc_numeric_c.o(locale$$code) for _get_lc_numeric
    _printf_fp_dec.o(.text) refers to bigflt0.o(.text) for _btod_etento
    _printf_fp_dec.o(.text) refers to btod.o(CL$$btod_d2e) for _btod_d2e
    _printf_fp_dec.o(.text) refers to btod.o(CL$$btod_ediv) for _btod_ediv
    _printf_fp_dec.o(.text) refers to btod.o(CL$$btod_emul) for _btod_emul
    _printf_fp_dec.o(.text) refers to lludiv10.o(.text) for _ll_udiv10
    _printf_fp_dec.o(.text) refers to fpclassify.o(i.__ARM_fpclassify) for __ARM_fpclassify
    _printf_fp_dec.o(.text) refers to _printf_fp_infnan.o(.text) for _printf_fp_infnan
    _printf_fp_dec.o(.text) refers to rt_locale.o(.text) for __rt_locale
    _printf_char_common.o(.text) refers to __printf.o(.text) for __printf
    rt_locale.o(.text) refers to rt_locale.o(.bss) for __rt_locale_data
    rt_locale_intlibspace.o(.text) refers to libspace.o(.bss) for __libspace_start
    bigflt0.o(.text) refers (Special) to usenofp.o(x$fpl$usenofp) for __I$use$fp
    bigflt0.o(.text) refers to btod.o(CL$$btod_emul) for _btod_emul
    bigflt0.o(.text) refers to btod.o(CL$$btod_ediv) for _btod_ediv
    bigflt0.o(.text) refers to bigflt0.o(.constdata) for .constdata
    bigflt0.o(.constdata) refers (Special) to usenofp.o(x$fpl$usenofp) for __I$use$fp
    btod.o(CL$$btod_d2e) refers (Special) to usenofp.o(x$fpl$usenofp) for __I$use$fp
    btod.o(CL$$btod_d2e) refers to btod.o(CL$$btod_d2e_norm_op1) for _d2e_norm_op1
    btod.o(CL$$btod_d2e_norm_op1) refers (Special) to usenofp.o(x$fpl$usenofp) for __I$use$fp
    btod.o(CL$$btod_d2e_norm_op1) refers to btod.o(CL$$btod_d2e_denorm_low) for _d2e_denorm_low
    btod.o(CL$$btod_d2e_denorm_low) refers (Special) to usenofp.o(x$fpl$usenofp) for __I$use$fp
    btod.o(CL$$btod_emul) refers (Special) to usenofp.o(x$fpl$usenofp) for __I$use$fp
    btod.o(CL$$btod_emul) refers to btod.o(CL$$btod_mult_common) for __btod_mult_common
    btod.o(CL$$btod_emul) refers to btod.o(CL$$btod_e2e) for _e2e
    btod.o(CL$$btod_ediv) refers (Special) to usenofp.o(x$fpl$usenofp) for __I$use$fp
    btod.o(CL$$btod_ediv) refers to btod.o(CL$$btod_div_common) for __btod_div_common
    btod.o(CL$$btod_ediv) refers to btod.o(CL$$btod_e2e) for _e2e
    btod.o(CL$$btod_emuld) refers (Special) to usenofp.o(x$fpl$usenofp) for __I$use$fp
    btod.o(CL$$btod_emuld) refers to btod.o(CL$$btod_mult_common) for __btod_mult_common
    btod.o(CL$$btod_emuld) refers to btod.o(CL$$btod_e2d) for _e2d
    btod.o(CL$$btod_edivd) refers (Special) to usenofp.o(x$fpl$usenofp) for __I$use$fp
    btod.o(CL$$btod_edivd) refers to btod.o(CL$$btod_div_common) for __btod_div_common
    btod.o(CL$$btod_edivd) refers to btod.o(CL$$btod_e2d) for _e2d
    btod.o(CL$$btod_e2e) refers (Special) to usenofp.o(x$fpl$usenofp) for __I$use$fp
    btod.o(CL$$btod_e2d) refers (Special) to usenofp.o(x$fpl$usenofp) for __I$use$fp
    btod.o(CL$$btod_e2d) refers to btod.o(CL$$btod_e2e) for _e2e
    btod.o(CL$$btod_mult_common) refers (Special) to usenofp.o(x$fpl$usenofp) for __I$use$fp
    btod.o(CL$$btod_div_common) refers (Special) to usenofp.o(x$fpl$usenofp) for __I$use$fp
    lc_numeric_c.o(locale$$data) refers (Special) to libinit2.o(.ARM.Collect$$libinit$$00000017) for __rt_lib_init_lc_numeric_2
    lc_numeric_c.o(locale$$code) refers (Special) to libinit2.o(.ARM.Collect$$libinit$$00000017) for __rt_lib_init_lc_numeric_2
    lc_numeric_c.o(locale$$code) refers to strcmpv7m.o(.text) for strcmp
    lc_numeric_c.o(locale$$code) refers to lc_numeric_c.o(locale$$data) for __lcnum_c_name
    istatus.o(x$fpl$ieeestatus) refers (Special) to usenofp.o(x$fpl$usenofp) for __I$use$fp
    fpclassify.o(i.__ARM_fpclassify) refers (Special) to usenofp.o(x$fpl$usenofp) for __I$use$fp
    libspace.o(.text) refers to libspace.o(.bss) for __libspace_start
    libinit2.o(.ARM.Collect$$libinit$$00000001) refers to fpinit.o(x$fpl$fpinit) for _fp_init
    libinit2.o(.ARM.Collect$$libinit$$0000000F) refers (Weak) to rt_locale.o(.text) for __rt_locale
    libinit2.o(.ARM.Collect$$libinit$$00000010) refers to libinit2.o(.ARM.Collect$$libinit$$0000000F) for .ARM.Collect$$libinit$$0000000F
    libinit2.o(.ARM.Collect$$libinit$$00000012) refers to libinit2.o(.ARM.Collect$$libinit$$0000000F) for .ARM.Collect$$libinit$$0000000F
    libinit2.o(.ARM.Collect$$libinit$$00000014) refers to libinit2.o(.ARM.Collect$$libinit$$0000000F) for .ARM.Collect$$libinit$$0000000F
    libinit2.o(.ARM.Collect$$libinit$$00000016) refers to libinit2.o(.ARM.Collect$$libinit$$0000000F) for .ARM.Collect$$libinit$$0000000F
    libinit2.o(.ARM.Collect$$libinit$$00000016) refers (Weak) to lc_numeric_c.o(locale$$code) for _get_lc_numeric
    libinit2.o(.ARM.Collect$$libinit$$00000018) refers to libinit2.o(.ARM.Collect$$libinit$$0000000F) for .ARM.Collect$$libinit$$0000000F
    libinit2.o(.ARM.Collect$$libinit$$00000026) refers to argv_veneer.o(.emb_text) for __ARM_argv_veneer
    libinit2.o(.ARM.Collect$$libinit$$00000027) refers to argv_veneer.o(.emb_text) for __ARM_argv_veneer
    argv_veneer.o(.emb_text) refers to _get_argv_nomalloc.o(.text) for __ARM_get_argv
    _get_argv_nomalloc.o(.text) refers (Special) to hrguard.o(.text) for __heap_region$guard
    _get_argv_nomalloc.o(.text) refers to defsig_rtmem_outer.o(.text) for __rt_SIGRTMEM
    _get_argv_nomalloc.o(.text) refers to sys_command.o(.text) for _sys_command_string
    sys_command.o(.text) refers (Special) to use_no_semi.o(.text) for __I$use$semihosting
    sys_command.o(.text) refers (Special) to indicate_semi.o(.text) for __semihosting_library_function
    defsig_rtmem_outer.o(.text) refers to defsig_rtmem_inner.o(.text) for __rt_SIGRTMEM_inner
    defsig_rtmem_outer.o(.text) refers to defsig_exit.o(.text) for __sig_exit
    defsig_rtmem_formal.o(.text) refers to rt_raise.o(.text) for __rt_raise
    rt_raise.o(.text) refers to __raise.o(.text) for __raise
    rt_raise.o(.text) refers to sys_exit.o(.text) for _sys_exit
    defsig_exit.o(.text) refers to sys_exit.o(.text) for _sys_exit
    defsig_rtmem_inner.o(.text) refers to defsig_general.o(.text) for __default_signal_display
    sys_exit.o(.text) refers (Special) to use_no_semi.o(.text) for __I$use$semihosting
    sys_exit.o(.text) refers (Special) to indicate_semi.o(.text) for __semihosting_library_function
    __raise.o(.text) refers to defsig.o(CL$$defsig) for __default_signal_handler
    defsig_general.o(.text) refers to sys_wrch.o(.text) for _ttywrch
    sys_wrch.o(.text) refers (Special) to use_no_semi.o(.text) for __I$use$semihosting
    sys_wrch.o(.text) refers (Special) to indicate_semi.o(.text) for __semihosting_library_function
    defsig.o(CL$$defsig) refers to defsig_rtmem_inner.o(.text) for __rt_SIGRTMEM_inner
    defsig_abrt_inner.o(.text) refers to defsig_general.o(.text) for __default_signal_display
    defsig_fpe_inner.o(.text) refers to defsig_general.o(.text) for __default_signal_display
    defsig_rtred_inner.o(.text) refers to defsig_general.o(.text) for __default_signal_display
    defsig_stak_inner.o(.text) refers to defsig_general.o(.text) for __default_signal_display
    defsig_pvfn_inner.o(.text) refers to defsig_general.o(.text) for __default_signal_display
    defsig_cppl_inner.o(.text) refers to defsig_general.o(.text) for __default_signal_display
    defsig_segv_inner.o(.text) refers to defsig_general.o(.text) for __default_signal_display
    defsig_other.o(.text) refers to defsig_general.o(.text) for __default_signal_display


==============================================================================

Removing Unused input sections from the image.

    Removing printmsg.o(.rev16_text), (4 bytes).
    Removing printmsg.o(.revsh_text), (4 bytes).
    Removing printmsg.o(.rrx_text), (6 bytes).
    Removing printmsg.o(i.printMsg2p), (72 bytes).
    Removing printmsg.o(i.printMsg4p), (432 bytes).
    Removing printmsg.o(i.printfMsg), (44 bytes).
    Removing printmsg.o(.conststring), (67 bytes).
    Removing system_stm32f4xx.o(.rev16_text), (4 bytes).
    Removing system_stm32f4xx.o(.revsh_text), (4 bytes).
    Removing system_stm32f4xx.o(.rrx_text), (6 bytes).
    Removing system_stm32f4xx.o(i.SystemCoreClockUpdate), (192 bytes).
    Removing system_stm32f4xx.o(.constdata), (24 bytes).
    Removing system_stm32f4xx.o(.data), (4 bytes).

13 unused section(s) (total 863 bytes) removed from the image.

==============================================================================

Image Symbol Table

    Local Symbols

    Symbol Name                              Value     Ov Type        Size  Object(Section)

    ../clib/angel/rt.s                       0x00000000   Number         0  rt_raise.o ABSOLUTE
    ../clib/angel/rt.s                       0x00000000   Number         0  rt_locale.o ABSOLUTE
    ../clib/angel/rt.s                       0x00000000   Number         0  rt_locale_intlibspace.o ABSOLUTE
    ../clib/angel/sys.s                      0x00000000   Number         0  use_no_semi.o ABSOLUTE
    ../clib/angel/sys.s                      0x00000000   Number         0  indicate_semi.o ABSOLUTE
    ../clib/angel/sys.s                      0x00000000   Number         0  libspace.o ABSOLUTE
    ../clib/angel/sysapp.c                   0x00000000   Number         0  sys_wrch.o ABSOLUTE
    ../clib/angel/sysapp.c                   0x00000000   Number         0  sys_exit.o ABSOLUTE
    ../clib/angel/sysapp.c                   0x00000000   Number         0  sys_command.o ABSOLUTE
    ../clib/armsys.c                         0x00000000   Number         0  argv_veneer.o ABSOLUTE
    ../clib/armsys.c                         0x00000000   Number         0  argv_veneer.o ABSOLUTE
    ../clib/armsys.c                         0x00000000   Number         0  no_argv.o ABSOLUTE
    ../clib/armsys.c                         0x00000000   Number         0  _get_argv_nomalloc.o ABSOLUTE
    ../clib/bigflt.c                         0x00000000   Number         0  bigflt0.o ABSOLUTE
    ../clib/btod.s                           0x00000000   Number         0  btod.o ABSOLUTE
    ../clib/heapalloc.c                      0x00000000   Number         0  hrguard.o ABSOLUTE
    ../clib/heapaux.c                        0x00000000   Number         0  heapauxi.o ABSOLUTE
    ../clib/libinit.s                        0x00000000   Number         0  libinit2.o ABSOLUTE
    ../clib/locale.s                         0x00000000   Number         0  lc_numeric_c.o ABSOLUTE
    ../clib/longlong.s                       0x00000000   Number         0  lludiv10.o ABSOLUTE
    ../clib/memcpset.s                       0x00000000   Number         0  strcmpv7m.o ABSOLUTE
    ../clib/printf.c                         0x00000000   Number         0  _printf_char_common.o ABSOLUTE
    ../clib/printf.c                         0x00000000   Number         0  _sputc.o ABSOLUTE
    ../clib/printf.c                         0x00000000   Number         0  _printf_fp_infnan.o ABSOLUTE
    ../clib/printf.c                         0x00000000   Number         0  _printf_hex_int_ll_ptr.o ABSOLUTE
    ../clib/printf.c                         0x00000000   Number         0  __2sprintf.o ABSOLUTE
    ../clib/printf.c                         0x00000000   Number         0  noretval__2sprintf.o ABSOLUTE
    ../clib/printf.c                         0x00000000   Number         0  __printf.o ABSOLUTE
    ../clib/printf.c                         0x00000000   Number         0  _printf_hex_ll.o ABSOLUTE
    ../clib/printf.c                         0x00000000   Number         0  _printf_hex_int_ll.o ABSOLUTE
    ../clib/printf.c                         0x00000000   Number         0  _printf_hex_ptr.o ABSOLUTE
    ../clib/printf.c                         0x00000000   Number         0  _printf_hex_int_ptr.o ABSOLUTE
    ../clib/printf.c                         0x00000000   Number         0  _printf_hex_ll_ptr.o ABSOLUTE
    ../clib/printf.c                         0x00000000   Number         0  __printf_flags.o ABSOLUTE
    ../clib/printf.c                         0x00000000   Number         0  __printf_ss.o ABSOLUTE
    ../clib/printf.c                         0x00000000   Number         0  __printf_flags_ss.o ABSOLUTE
    ../clib/printf.c                         0x00000000   Number         0  _printf_hex_int.o ABSOLUTE
    ../clib/printf.c                         0x00000000   Number         0  __printf_flags_wp.o ABSOLUTE
    ../clib/printf.c                         0x00000000   Number         0  __printf_ss_wp.o ABSOLUTE
    ../clib/printf.c                         0x00000000   Number         0  __printf_flags_ss_wp.o ABSOLUTE
    ../clib/printf.c                         0x00000000   Number         0  __printf_wp.o ABSOLUTE
    ../clib/printf.c                         0x00000000   Number         0  _printf_intcommon.o ABSOLUTE
    ../clib/printf.c                         0x00000000   Number         0  _printf_fp_dec.o ABSOLUTE
    ../clib/printf.c                         0x00000000   Number         0  __printf_nopercent.o ABSOLUTE
    ../clib/printf_percent.s                 0x00000000   Number         0  _printf_f.o ABSOLUTE
    ../clib/printf_percent.s                 0x00000000   Number         0  _printf_percent.o ABSOLUTE
    ../clib/printf_percent.s                 0x00000000   Number         0  _printf_x.o ABSOLUTE
    ../clib/printf_percent.s                 0x00000000   Number         0  _printf_percent_end.o ABSOLUTE
    ../clib/signal.c                         0x00000000   Number         0  defsig_general.o ABSOLUTE
    ../clib/signal.c                         0x00000000   Number         0  __raise.o ABSOLUTE
    ../clib/signal.c                         0x00000000   Number         0  defsig_other.o ABSOLUTE
    ../clib/signal.c                         0x00000000   Number         0  defsig_rtmem_outer.o ABSOLUTE
    ../clib/signal.c                         0x00000000   Number         0  defsig_rtmem_formal.o ABSOLUTE
    ../clib/signal.c                         0x00000000   Number         0  defsig_exit.o ABSOLUTE
    ../clib/signal.c                         0x00000000   Number         0  defsig_segv_inner.o ABSOLUTE
    ../clib/signal.c                         0x00000000   Number         0  defsig_rtmem_inner.o ABSOLUTE
    ../clib/signal.c                         0x00000000   Number         0  defsig_abrt_inner.o ABSOLUTE
    ../clib/signal.c                         0x00000000   Number         0  defsig_fpe_inner.o ABSOLUTE
    ../clib/signal.c                         0x00000000   Number         0  defsig_rtred_inner.o ABSOLUTE
    ../clib/signal.c                         0x00000000   Number         0  defsig_stak_inner.o ABSOLUTE
    ../clib/signal.c                         0x00000000   Number         0  defsig_pvfn_inner.o ABSOLUTE
    ../clib/signal.c                         0x00000000   Number         0  defsig_cppl_inner.o ABSOLUTE
    ../clib/signal.s                         0x00000000   Number         0  defsig.o ABSOLUTE
    ../fplib/fpinit.s                        0x00000000   Number         0  fpinit.o ABSOLUTE
    ../fplib/istatus.s                       0x00000000   Number         0  istatus.o ABSOLUTE
    ../fplib/printf1.s                       0x00000000   Number         0  printf1.o ABSOLUTE
    ../fplib/usenofp.s                       0x00000000   Number         0  usenofp.o ABSOLUTE
    ../mathlib/fpclassify.c                  0x00000000   Number         0  fpclassify.o ABSOLUTE
    RTE\Device\STM32F407VGTx\startup_stm32f407xx.s 0x00000000   Number         0  startup_stm32f407xx.o ABSOLUTE
    RTE\Device\STM32F407VGTx\system_stm32f4xx.c 0x00000000   Number         0  system_stm32f4xx.o ABSOLUTE
    RTE\\Device\\STM32F407VGTx\\system_stm32f4xx.c 0x00000000   Number         0  system_stm32f4xx.o ABSOLUTE
    dc.s                                     0x00000000   Number         0  dc.o ABSOLUTE
    first.s                                  0x00000000   Number         0  first.o ABSOLUTE
    printMsg.c                               0x00000000   Number         0  printmsg.o ABSOLUTE
    printMsg.c                               0x00000000   Number         0  printmsg.o ABSOLUTE
    RESET                                    0x08000000   Section      392  startup_stm32f407xx.o(RESET)
    .ARM.Collect$$_printf_percent$$00000000  0x08000188   Section        0  _printf_percent.o(.ARM.Collect$$_printf_percent$$00000000)
    .ARM.Collect$$_printf_percent$$00000003  0x08000188   Section        6  _printf_f.o(.ARM.Collect$$_printf_percent$$00000003)
    .ARM.Collect$$_printf_percent$$00000017  0x0800018e   Section        4  _printf_percent_end.o(.ARM.Collect$$_printf_percent$$00000017)
    .ARM.Collect$$libinit$$00000017          0x08000192   Section        0  libinit2.o(.ARM.Collect$$libinit$$00000017)
    .text                                    0x08000194   Section       64  startup_stm32f407xx.o(.text)
    $v0                                      0x08000194   Number         0  startup_stm32f407xx.o(.text)
    .text                                    0x080001d4   Section        0  noretval__2sprintf.o(.text)
    .text                                    0x080001fc   Section        0  __printf.o(.text)
    .text                                    0x08000264   Section        0  heapauxi.o(.text)
    .text                                    0x0800026a   Section        0  _printf_fp_dec.o(.text)
    _fp_digits                               0x0800026d   Thumb Code   432  _printf_fp_dec.o(.text)
    .text                                    0x08000688   Section        0  _printf_char_common.o(.text)
    _printf_input_char                       0x08000689   Thumb Code    10  _printf_char_common.o(.text)
    .text                                    0x080006b8   Section        0  _sputc.o(.text)
    .text                                    0x080006c4   Section        8  rt_locale.o(.text)
    .text                                    0x080006cc   Section      138  lludiv10.o(.text)
    .text                                    0x08000758   Section        0  _printf_fp_infnan.o(.text)
    .text                                    0x080007d8   Section        0  bigflt0.o(.text)
    .text                                    0x080008bc   Section      128  strcmpv7m.o(.text)
    CL$$btod_d2e                             0x0800093c   Section       62  btod.o(CL$$btod_d2e)
    CL$$btod_d2e_denorm_low                  0x0800097a   Section       70  btod.o(CL$$btod_d2e_denorm_low)
    CL$$btod_d2e_norm_op1                    0x080009c0   Section       96  btod.o(CL$$btod_d2e_norm_op1)
    CL$$btod_div_common                      0x08000a20   Section      824  btod.o(CL$$btod_div_common)
    CL$$btod_e2e                             0x08000d58   Section      220  btod.o(CL$$btod_e2e)
    CL$$btod_ediv                            0x08000e34   Section       42  btod.o(CL$$btod_ediv)
    CL$$btod_emul                            0x08000e5e   Section       42  btod.o(CL$$btod_emul)
    CL$$btod_mult_common                     0x08000e88   Section      580  btod.o(CL$$btod_mult_common)
    factorial                                0x080010cc   Section      176  first.o(factorial)
    $v0                                      0x080010cc   Number         0  first.o(factorial)
    i.ITM_SendChar                           0x0800117c   Section        0  printmsg.o(i.ITM_SendChar)
    ITM_SendChar                             0x0800117d   Thumb Code    44  printmsg.o(i.ITM_SendChar)
    i.SystemInit                             0x080011ac   Section        0  system_stm32f4xx.o(i.SystemInit)
    i.__ARM_fpclassify                       0x08001210   Section        0  fpclassify.o(i.__ARM_fpclassify)
    i.printMsg                               0x08001240   Section        0  printmsg.o(i.printMsg)
    locale$$code                             0x0800126c   Section       44  lc_numeric_c.o(locale$$code)
    x$fpl$printf1                            0x08001298   Section        4  printf1.o(x$fpl$printf1)
    $v0                                      0x08001298   Number         0  printf1.o(x$fpl$printf1)
    .constdata                               0x0800129c   Section      148  bigflt0.o(.constdata)
    x$fpl$usenofp                            0x0800129c   Section        0  usenofp.o(x$fpl$usenofp)
    tenpwrs_x                                0x0800129c   Data          60  bigflt0.o(.constdata)
    tenpwrs_i                                0x080012d8   Data          64  bigflt0.o(.constdata)
    locale$$data                             0x08001330   Section       28  lc_numeric_c.o(locale$$data)
    __lcnum_c_name                           0x08001334   Data           2  lc_numeric_c.o(locale$$data)
    __lcnum_c_start                          0x0800133c   Data           0  lc_numeric_c.o(locale$$data)
    __lcnum_c_point                          0x08001348   Data           0  lc_numeric_c.o(locale$$data)
    __lcnum_c_thousands                      0x0800134a   Data           0  lc_numeric_c.o(locale$$data)
    __lcnum_c_grouping                       0x0800134b   Data           0  lc_numeric_c.o(locale$$data)
    __lcnum_c_end                            0x0800134c   Data           0  lc_numeric_c.o(locale$$data)
    .bss                                     0x20000000   Section       20  rt_locale.o(.bss)
    __rt_locale_data                         0x20000000   Data          20  rt_locale.o(.bss)
    HEAP                                     0x20000018   Section      512  startup_stm32f407xx.o(HEAP)
    Heap_Mem                                 0x20000018   Data         512  startup_stm32f407xx.o(HEAP)
    STACK                                    0x20000218   Section     1024  startup_stm32f407xx.o(STACK)
    Stack_Mem                                0x20000218   Data        1024  startup_stm32f407xx.o(STACK)
    __initial_sp                             0x20000618   Data           0  startup_stm32f407xx.o(STACK)

    Global Symbols

    Symbol Name                              Value     Ov Type        Size  Object(Section)

    BuildAttributes$$THM_ISAv4$E$P$D$K$B$S$7EM$VFPi3$EXTD16$VFPS$VFMA$PE$A:L22UL41UL21$X:L11$S22US41US21$IEEE1$IW$USESV6$~STKCKD$USESV7$~SHL$OTIME$ROPI$IEEEJ$EBA8$STANDARDLIB$REQ8$PRES8$EABIv2 0x00000000   Number         0  anon$$obj.o ABSOLUTE
    __ARM_exceptions_init                     - Undefined Weak Reference
    __alloca_initialize                       - Undefined Weak Reference
    __arm_preinit_                            - Undefined Weak Reference
    __cpp_initialize__aeabi_                  - Undefined Weak Reference
    __sigvec_lookup                           - Undefined Weak Reference
    _atexit_init                              - Undefined Weak Reference
    _clock_init                               - Undefined Weak Reference
    _fp_trap_init                             - Undefined Weak Reference
    _get_lc_collate                           - Undefined Weak Reference
    _get_lc_ctype                             - Undefined Weak Reference
    _get_lc_monetary                          - Undefined Weak Reference
    _get_lc_time                              - Undefined Weak Reference
    _getenv_init                              - Undefined Weak Reference
    _handle_redirection                       - Undefined Weak Reference
    _init_alloc                               - Undefined Weak Reference
    _init_user_alloc                          - Undefined Weak Reference
    _initio                                   - Undefined Weak Reference
    _printf_post_padding                      - Undefined Weak Reference
    _printf_pre_padding                       - Undefined Weak Reference
    _printf_truncate_unsigned                 - Undefined Weak Reference
    _rand_init                                - Undefined Weak Reference
    _signal_init                              - Undefined Weak Reference
    __Vectors_Size                           0x00000188   Number         0  startup_stm32f407xx.o ABSOLUTE
    __Vectors                                0x08000000   Data           4  startup_stm32f407xx.o(RESET)
    __Vectors_End                            0x08000188   Data           0  startup_stm32f407xx.o(RESET)
    _printf_f                                0x08000189   Thumb Code     0  _printf_f.o(.ARM.Collect$$_printf_percent$$00000003)
    _printf_percent                          0x08000189   Thumb Code     0  _printf_percent.o(.ARM.Collect$$_printf_percent$$00000000)
    _printf_percent_end                      0x0800018f   Thumb Code     0  _printf_percent_end.o(.ARM.Collect$$_printf_percent$$00000017)
    __rt_lib_init_lc_numeric_2               0x08000193   Thumb Code     0  libinit2.o(.ARM.Collect$$libinit$$00000017)
    Reset_Handler                            0x08000195   Thumb Code     8  startup_stm32f407xx.o(.text)
    NMI_Handler                              0x0800019d   Thumb Code     2  startup_stm32f407xx.o(.text)
    HardFault_Handler                        0x0800019f   Thumb Code     2  startup_stm32f407xx.o(.text)
    MemManage_Handler                        0x080001a1   Thumb Code     2  startup_stm32f407xx.o(.text)
    BusFault_Handler                         0x080001a3   Thumb Code     2  startup_stm32f407xx.o(.text)
    UsageFault_Handler                       0x080001a5   Thumb Code     2  startup_stm32f407xx.o(.text)
    SVC_Handler                              0x080001a7   Thumb Code     2  startup_stm32f407xx.o(.text)
    DebugMon_Handler                         0x080001a9   Thumb Code     2  startup_stm32f407xx.o(.text)
    PendSV_Handler                           0x080001ab   Thumb Code     2  startup_stm32f407xx.o(.text)
    SysTick_Handler                          0x080001ad   Thumb Code     2  startup_stm32f407xx.o(.text)
    ADC_IRQHandler                           0x080001af   Thumb Code     0  startup_stm32f407xx.o(.text)
    CAN1_RX0_IRQHandler                      0x080001af   Thumb Code     0  startup_stm32f407xx.o(.text)
    CAN1_RX1_IRQHandler                      0x080001af   Thumb Code     0  startup_stm32f407xx.o(.text)
    CAN1_SCE_IRQHandler                      0x080001af   Thumb Code     0  startup_stm32f407xx.o(.text)
    CAN1_TX_IRQHandler                       0x080001af   Thumb Code     0  startup_stm32f407xx.o(.text)
    CAN2_RX0_IRQHandler                      0x080001af   Thumb Code     0  startup_stm32f407xx.o(.text)
    CAN2_RX1_IRQHandler                      0x080001af   Thumb Code     0  startup_stm32f407xx.o(.text)
    CAN2_SCE_IRQHandler                      0x080001af   Thumb Code     0  startup_stm32f407xx.o(.text)
    CAN2_TX_IRQHandler                       0x080001af   Thumb Code     0  startup_stm32f407xx.o(.text)
    DCMI_IRQHandler                          0x080001af   Thumb Code     0  startup_stm32f407xx.o(.text)
    DMA1_Stream0_IRQHandler                  0x080001af   Thumb Code     0  startup_stm32f407xx.o(.text)
    DMA1_Stream1_IRQHandler                  0x080001af   Thumb Code     0  startup_stm32f407xx.o(.text)
    DMA1_Stream2_IRQHandler                  0x080001af   Thumb Code     0  startup_stm32f407xx.o(.text)
    DMA1_Stream3_IRQHandler                  0x080001af   Thumb Code     0  startup_stm32f407xx.o(.text)
    DMA1_Stream4_IRQHandler                  0x080001af   Thumb Code     0  startup_stm32f407xx.o(.text)
    DMA1_Stream5_IRQHandler                  0x080001af   Thumb Code     0  startup_stm32f407xx.o(.text)
    DMA1_Stream6_IRQHandler                  0x080001af   Thumb Code     0  startup_stm32f407xx.o(.text)
    DMA1_Stream7_IRQHandler                  0x080001af   Thumb Code     0  startup_stm32f407xx.o(.text)
    DMA2_Stream0_IRQHandler                  0x080001af   Thumb Code     0  startup_stm32f407xx.o(.text)
    DMA2_Stream1_IRQHandler                  0x080001af   Thumb Code     0  startup_stm32f407xx.o(.text)
    DMA2_Stream2_IRQHandler                  0x080001af   Thumb Code     0  startup_stm32f407xx.o(.text)
    DMA2_Stream3_IRQHandler                  0x080001af   Thumb Code     0  startup_stm32f407xx.o(.text)
    DMA2_Stream4_IRQHandler                  0x080001af   Thumb Code     0  startup_stm32f407xx.o(.text)
    DMA2_Stream5_IRQHandler                  0x080001af   Thumb Code     0  startup_stm32f407xx.o(.text)
    DMA2_Stream6_IRQHandler                  0x080001af   Thumb Code     0  startup_stm32f407xx.o(.text)
    DMA2_Stream7_IRQHandler                  0x080001af   Thumb Code     0  startup_stm32f407xx.o(.text)
    ETH_IRQHandler                           0x080001af   Thumb Code     0  startup_stm32f407xx.o(.text)
    ETH_WKUP_IRQHandler                      0x080001af   Thumb Code     0  startup_stm32f407xx.o(.text)
    EXTI0_IRQHandler                         0x080001af   Thumb Code     0  startup_stm32f407xx.o(.text)
    EXTI15_10_IRQHandler                     0x080001af   Thumb Code     0  startup_stm32f407xx.o(.text)
    EXTI1_IRQHandler                         0x080001af   Thumb Code     0  startup_stm32f407xx.o(.text)
    EXTI2_IRQHandler                         0x080001af   Thumb Code     0  startup_stm32f407xx.o(.text)
    EXTI3_IRQHandler                         0x080001af   Thumb Code     0  startup_stm32f407xx.o(.text)
    EXTI4_IRQHandler                         0x080001af   Thumb Code     0  startup_stm32f407xx.o(.text)
    EXTI9_5_IRQHandler                       0x080001af   Thumb Code     0  startup_stm32f407xx.o(.text)
    FLASH_IRQHandler                         0x080001af   Thumb Code     0  startup_stm32f407xx.o(.text)
    FMC_IRQHandler                           0x080001af   Thumb Code     0  startup_stm32f407xx.o(.text)
    FPU_IRQHandler                           0x080001af   Thumb Code     0  startup_stm32f407xx.o(.text)
    HASH_RNG_IRQHandler                      0x080001af   Thumb Code     0  startup_stm32f407xx.o(.text)
    I2C1_ER_IRQHandler                       0x080001af   Thumb Code     0  startup_stm32f407xx.o(.text)
    I2C1_EV_IRQHandler                       0x080001af   Thumb Code     0  startup_stm32f407xx.o(.text)
    I2C2_ER_IRQHandler                       0x080001af   Thumb Code     0  startup_stm32f407xx.o(.text)
    I2C2_EV_IRQHandler                       0x080001af   Thumb Code     0  startup_stm32f407xx.o(.text)
    I2C3_ER_IRQHandler                       0x080001af   Thumb Code     0  startup_stm32f407xx.o(.text)
    I2C3_EV_IRQHandler                       0x080001af   Thumb Code     0  startup_stm32f407xx.o(.text)
    OTG_FS_IRQHandler                        0x080001af   Thumb Code     0  startup_stm32f407xx.o(.text)
    OTG_FS_WKUP_IRQHandler                   0x080001af   Thumb Code     0  startup_stm32f407xx.o(.text)
    OTG_HS_EP1_IN_IRQHandler                 0x080001af   Thumb Code     0  startup_stm32f407xx.o(.text)
    OTG_HS_EP1_OUT_IRQHandler                0x080001af   Thumb Code     0  startup_stm32f407xx.o(.text)
    OTG_HS_IRQHandler                        0x080001af   Thumb Code     0  startup_stm32f407xx.o(.text)
    OTG_HS_WKUP_IRQHandler                   0x080001af   Thumb Code     0  startup_stm32f407xx.o(.text)
    PVD_IRQHandler                           0x080001af   Thumb Code     0  startup_stm32f407xx.o(.text)
    RCC_IRQHandler                           0x080001af   Thumb Code     0  startup_stm32f407xx.o(.text)
    RTC_Alarm_IRQHandler                     0x080001af   Thumb Code     0  startup_stm32f407xx.o(.text)
    RTC_WKUP_IRQHandler                      0x080001af   Thumb Code     0  startup_stm32f407xx.o(.text)
    SDIO_IRQHandler                          0x080001af   Thumb Code     0  startup_stm32f407xx.o(.text)
    SPI1_IRQHandler                          0x080001af   Thumb Code     0  startup_stm32f407xx.o(.text)
    SPI2_IRQHandler                          0x080001af   Thumb Code     0  startup_stm32f407xx.o(.text)
    SPI3_IRQHandler                          0x080001af   Thumb Code     0  startup_stm32f407xx.o(.text)
    TAMP_STAMP_IRQHandler                    0x080001af   Thumb Code     0  startup_stm32f407xx.o(.text)
    TIM1_BRK_TIM9_IRQHandler                 0x080001af   Thumb Code     0  startup_stm32f407xx.o(.text)
    TIM1_CC_IRQHandler                       0x080001af   Thumb Code     0  startup_stm32f407xx.o(.text)
    TIM1_TRG_COM_TIM11_IRQHandler            0x080001af   Thumb Code     0  startup_stm32f407xx.o(.text)
    TIM1_UP_TIM10_IRQHandler                 0x080001af   Thumb Code     0  startup_stm32f407xx.o(.text)
    TIM2_IRQHandler                          0x080001af   Thumb Code     0  startup_stm32f407xx.o(.text)
    TIM3_IRQHandler                          0x080001af   Thumb Code     0  startup_stm32f407xx.o(.text)
    TIM4_IRQHandler                          0x080001af   Thumb Code     0  startup_stm32f407xx.o(.text)
    TIM5_IRQHandler                          0x080001af   Thumb Code     0  startup_stm32f407xx.o(.text)
    TIM6_DAC_IRQHandler                      0x080001af   Thumb Code     0  startup_stm32f407xx.o(.text)
    TIM7_IRQHandler                          0x080001af   Thumb Code     0  startup_stm32f407xx.o(.text)
    TIM8_BRK_TIM12_IRQHandler                0x080001af   Thumb Code     0  startup_stm32f407xx.o(.text)
    TIM8_CC_IRQHandler                       0x080001af   Thumb Code     0  startup_stm32f407xx.o(.text)
    TIM8_TRG_COM_TIM14_IRQHandler            0x080001af   Thumb Code     0  startup_stm32f407xx.o(.text)
    TIM8_UP_TIM13_IRQHandler                 0x080001af   Thumb Code     0  startup_stm32f407xx.o(.text)
    UART4_IRQHandler                         0x080001af   Thumb Code     0  startup_stm32f407xx.o(.text)
    UART5_IRQHandler                         0x080001af   Thumb Code     0  startup_stm32f407xx.o(.text)
    USART1_IRQHandler                        0x080001af   Thumb Code     0  startup_stm32f407xx.o(.text)
    USART2_IRQHandler                        0x080001af   Thumb Code     0  startup_stm32f407xx.o(.text)
    USART3_IRQHandler                        0x080001af   Thumb Code     0  startup_stm32f407xx.o(.text)
    USART6_IRQHandler                        0x080001af   Thumb Code     0  startup_stm32f407xx.o(.text)
    WWDG_IRQHandler                          0x080001af   Thumb Code     0  startup_stm32f407xx.o(.text)
    __user_initial_stackheap                 0x080001b1   Thumb Code     0  startup_stm32f407xx.o(.text)
    __2sprintf                               0x080001d5   Thumb Code    34  noretval__2sprintf.o(.text)
    __printf                                 0x080001fd   Thumb Code   104  __printf.o(.text)
    __use_two_region_memory                  0x08000265   Thumb Code     2  heapauxi.o(.text)
    __rt_heap_escrow$2region                 0x08000267   Thumb Code     2  heapauxi.o(.text)
    __rt_heap_expand$2region                 0x08000269   Thumb Code     2  heapauxi.o(.text)
    __lib_sel_fp_printf                      0x0800026b   Thumb Code     2  _printf_fp_dec.o(.text)
    _printf_fp_dec_real                      0x0800041d   Thumb Code   620  _printf_fp_dec.o(.text)
    _printf_char_common                      0x08000693   Thumb Code    32  _printf_char_common.o(.text)
    _sputc                                   0x080006b9   Thumb Code    10  _sputc.o(.text)
    __rt_locale                              0x080006c5   Thumb Code     8  rt_locale.o(.text)
    _ll_udiv10                               0x080006cd   Thumb Code   138  lludiv10.o(.text)
    _printf_fp_infnan                        0x08000759   Thumb Code   112  _printf_fp_infnan.o(.text)
    _btod_etento                             0x080007d9   Thumb Code   224  bigflt0.o(.text)
    strcmp                                   0x080008bd   Thumb Code   128  strcmpv7m.o(.text)
    _btod_d2e                                0x0800093d   Thumb Code    62  btod.o(CL$$btod_d2e)
    _d2e_denorm_low                          0x0800097b   Thumb Code    70  btod.o(CL$$btod_d2e_denorm_low)
    _d2e_norm_op1                            0x080009c1   Thumb Code    96  btod.o(CL$$btod_d2e_norm_op1)
    __btod_div_common                        0x08000a21   Thumb Code   696  btod.o(CL$$btod_div_common)
    _e2e                                     0x08000d59   Thumb Code   220  btod.o(CL$$btod_e2e)
    _btod_ediv                               0x08000e35   Thumb Code    42  btod.o(CL$$btod_ediv)
    _btod_emul                               0x08000e5f   Thumb Code    42  btod.o(CL$$btod_emul)
    __btod_mult_common                       0x08000e89   Thumb Code   580  btod.o(CL$$btod_mult_common)
    __main                                   0x080010cd   Thumb Code   170  first.o(factorial)
    SystemInit                               0x080011ad   Thumb Code    82  system_stm32f4xx.o(i.SystemInit)
    __ARM_fpclassify                         0x08001211   Thumb Code    48  fpclassify.o(i.__ARM_fpclassify)
    printMsg                                 0x08001241   Thumb Code    38  printmsg.o(i.printMsg)
    _get_lc_numeric                          0x0800126d   Thumb Code    44  lc_numeric_c.o(locale$$code)
    _printf_fp_dec                           0x08001299   Thumb Code     4  printf1.o(x$fpl$printf1)
    __I$use$fp                               0x0800129c   Number         0  usenofp.o(x$fpl$usenofp)



==============================================================================

Memory Map of the image

  Image Entry point : 0x08000195

  Load Region LR_1 (Base: 0x08000000, Size: 0x0000134c, Max: 0xffffffff, ABSOLUTE)

    Execution Region ER_RO (Exec base: 0x08000000, Load base: 0x08000000, Size: 0x0000134c, Max: 0xffffffff, ABSOLUTE)

    Exec Addr    Load Addr    Size         Type   Attr      Idx    E Section Name        Object

    0x08000000   0x08000000   0x00000188   Data   RO           90    RESET               startup_stm32f407xx.o
    0x08000188   0x08000188   0x00000000   Code   RO          187    .ARM.Collect$$_printf_percent$$00000000  c_w.l(_printf_percent.o)
    0x08000188   0x08000188   0x00000006   Code   RO          186    .ARM.Collect$$_printf_percent$$00000003  c_w.l(_printf_f.o)
    0x0800018e   0x0800018e   0x00000004   Code   RO          200    .ARM.Collect$$_printf_percent$$00000017  c_w.l(_printf_percent_end.o)
    0x08000192   0x08000192   0x00000000   Code   RO          269    .ARM.Collect$$libinit$$00000017  c_w.l(libinit2.o)
    0x08000192   0x08000192   0x00000002   PAD
    0x08000194   0x08000194   0x00000040   Code   RO           91  * .text               startup_stm32f407xx.o
    0x080001d4   0x080001d4   0x00000028   Code   RO          140    .text               c_w.l(noretval__2sprintf.o)
    0x080001fc   0x080001fc   0x00000068   Code   RO          142    .text               c_w.l(__printf.o)
    0x08000264   0x08000264   0x00000006   Code   RO          188    .text               c_w.l(heapauxi.o)
    0x0800026a   0x0800026a   0x0000041e   Code   RO          194    .text               c_w.l(_printf_fp_dec.o)
    0x08000688   0x08000688   0x00000030   Code   RO          196    .text               c_w.l(_printf_char_common.o)
    0x080006b8   0x080006b8   0x0000000a   Code   RO          198    .text               c_w.l(_sputc.o)
    0x080006c2   0x080006c2   0x00000002   PAD
    0x080006c4   0x080006c4   0x00000008   Code   RO          201    .text               c_w.l(rt_locale.o)
    0x080006cc   0x080006cc   0x0000008a   Code   RO          206    .text               c_w.l(lludiv10.o)
    0x08000756   0x08000756   0x00000002   PAD
    0x08000758   0x08000758   0x00000080   Code   RO          208    .text               c_w.l(_printf_fp_infnan.o)
    0x080007d8   0x080007d8   0x000000e4   Code   RO          212    .text               c_w.l(bigflt0.o)
    0x080008bc   0x080008bc   0x00000080   Code   RO          248    .text               c_w.l(strcmpv7m.o)
    0x0800093c   0x0800093c   0x0000003e   Code   RO          215    CL$$btod_d2e        c_w.l(btod.o)
    0x0800097a   0x0800097a   0x00000046   Code   RO          217    CL$$btod_d2e_denorm_low  c_w.l(btod.o)
    0x080009c0   0x080009c0   0x00000060   Code   RO          216    CL$$btod_d2e_norm_op1  c_w.l(btod.o)
    0x08000a20   0x08000a20   0x00000338   Code   RO          225    CL$$btod_div_common  c_w.l(btod.o)
    0x08000d58   0x08000d58   0x000000dc   Code   RO          222    CL$$btod_e2e        c_w.l(btod.o)
    0x08000e34   0x08000e34   0x0000002a   Code   RO          219    CL$$btod_ediv       c_w.l(btod.o)
    0x08000e5e   0x08000e5e   0x0000002a   Code   RO          218    CL$$btod_emul       c_w.l(btod.o)
    0x08000e88   0x08000e88   0x00000244   Code   RO          224    CL$$btod_mult_common  c_w.l(btod.o)
    0x080010cc   0x080010cc   0x000000b0   Code   RO            1  * factorial           first.o
    0x0800117c   0x0800117c   0x00000030   Code   RO           10    i.ITM_SendChar      printmsg.o
    0x080011ac   0x080011ac   0x00000064   Code   RO           99    i.SystemInit        system_stm32f4xx.o
    0x08001210   0x08001210   0x00000030   Code   RO          243    i.__ARM_fpclassify  m_wm.l(fpclassify.o)
    0x08001240   0x08001240   0x0000002c   Code   RO           11    i.printMsg          printmsg.o
    0x0800126c   0x0800126c   0x0000002c   Code   RO          238    locale$$code        c_w.l(lc_numeric_c.o)
    0x08001298   0x08001298   0x00000004   Code   RO          190    x$fpl$printf1       fz_wm.l(printf1.o)
    0x0800129c   0x0800129c   0x00000000   Code   RO          242    x$fpl$usenofp       fz_wm.l(usenofp.o)
    0x0800129c   0x0800129c   0x00000094   Data   RO          213    .constdata          c_w.l(bigflt0.o)
    0x08001330   0x08001330   0x0000001c   Data   RO          237    locale$$data        c_w.l(lc_numeric_c.o)


    Execution Region ER_RW (Exec base: 0x20000000, Load base: 0x0800134c, Size: 0x00000000, Max: 0xffffffff, ABSOLUTE)

    **** No section assigned to this execution region ****


    Execution Region ER_ZI (Exec base: 0x20000000, Load base: 0x0800134c, Size: 0x00000618, Max: 0xffffffff, ABSOLUTE)

    Exec Addr    Load Addr    Size         Type   Attr      Idx    E Section Name        Object

    0x20000000        -       0x00000014   Zero   RW          202    .bss                c_w.l(rt_locale.o)
    0x20000014   0x0800134c   0x00000004   PAD
    0x20000018        -       0x00000200   Zero   RW           89    HEAP                startup_stm32f407xx.o
    0x20000218        -       0x00000400   Zero   RW           88    STACK               startup_stm32f407xx.o


==============================================================================

Image component sizes


      Code (inc. data)   RO Data    RW Data    ZI Data      Debug   Object Name

       176          6          0          0          0        388   first.o
        92         10          0          0          0       5603   printmsg.o
        64         26        392          0       1536        836   startup_stm32f407xx.o
       100         18          0          0          0        497   system_stm32f4xx.o

    ----------------------------------------------------------------------
       432         60        392          0       1536       7324   Object Totals
         0          0          0          0          0          0   (incl. Generated)
         0          0          0          0          0          0   (incl. Padding)

    ----------------------------------------------------------------------

      Code (inc. data)   RO Data    RW Data    ZI Data      Debug   Library Member Name

       104          0          0          0          0         84   __printf.o
        48          6          0          0          0         96   _printf_char_common.o
         6          0          0          0          0          0   _printf_f.o
      1054          0          0          0          0        216   _printf_fp_dec.o
       128         16          0          0          0         84   _printf_fp_infnan.o
         0          0          0          0          0          0   _printf_percent.o
         4          0          0          0          0          0   _printf_percent_end.o
        10          0          0          0          0         68   _sputc.o
       228          4        148          0          0         96   bigflt0.o
      1936        128          0          0          0        672   btod.o
         6          0          0          0          0        152   heapauxi.o
        44         10         28          0          0         76   lc_numeric_c.o
         0          0          0          0          0          0   libinit2.o
       138          0          0          0          0         80   lludiv10.o
        40          6          0          0          0         84   noretval__2sprintf.o
         8          4          0          0         20         68   rt_locale.o
       128          0          0          0          0         68   strcmpv7m.o
         4          0          0          0          0        116   printf1.o
         0          0          0          0          0          0   usenofp.o
        48          0          0          0          0        124   fpclassify.o

    ----------------------------------------------------------------------
      3940        174        176          0         24       2084   Library Totals
         6          0          0          0          4          0   (incl. Padding)

    ----------------------------------------------------------------------

      Code (inc. data)   RO Data    RW Data    ZI Data      Debug   Library Name

      3882        174        176          0         20       1844   c_w.l
         4          0          0          0          0        116   fz_wm.l
        48          0          0          0          0        124   m_wm.l

    ----------------------------------------------------------------------
      3940        174        176          0         24       2084   Library Totals

    ----------------------------------------------------------------------

==============================================================================


      Code (inc. data)   RO Data    RW Data    ZI Data      Debug   

      4372        234        568          0       1560       8020   Grand Totals
      4372        234        568          0       1560       8020   ELF Image Totals
      4372        234        568          0          0          0   ROM Totals

==============================================================================

    Total RO  Size (Code + RO Data)                 4940 (   4.82kB)
    Total RW  Size (RW Data + ZI Data)              1560 (   1.52kB)
    Total ROM Size (Code + RO Data + RW Data)       4940 (   4.82kB)

==============================================================================

